Archive member included because of file (symbol)

c:/winavr-20100110/bin/../lib/gcc/avr/4.3.3/avr5\libgcc.a(_udivmodhi4.o)
                              App.o (__udivmodhi4)
c:/winavr-20100110/bin/../lib/gcc/avr/4.3.3/avr5\libgcc.a(_divmodhi4.o)
                              PWM.o (__divmodhi4)
c:/winavr-20100110/bin/../lib/gcc/avr/4.3.3/avr5\libgcc.a(_divmodsi4.o)
                              74HC595.o (__divmodsi4)
c:/winavr-20100110/bin/../lib/gcc/avr/4.3.3/avr5\libgcc.a(_exit.o)
                              c:/winavr-20100110/bin/../lib/gcc/avr/4.3.3/../../../../avr/lib/avr5/crtm16.o (exit)
c:/winavr-20100110/bin/../lib/gcc/avr/4.3.3/avr5\libgcc.a(_copy_data.o)
                              tube.o (__do_copy_data)
c:/winavr-20100110/bin/../lib/gcc/avr/4.3.3/avr5\libgcc.a(_clear_bss.o)
                              Main.o (__do_clear_bss)
c:/winavr-20100110/bin/../lib/gcc/avr/4.3.3/avr5\libgcc.a(_udivmodsi4.o)
                              c:/winavr-20100110/bin/../lib/gcc/avr/4.3.3/avr5\libgcc.a(_divmodsi4.o) (__udivmodsi4)

Allocating common symbols
Common symbol       size              file

Tube_Task_Stk       0x40              App.o
Two                 0x1               App.o
LED_Task_Stk        0x40              App.o
OSPrioHighRdy       0x1               ATmega16OS.o
OSPrioCur           0x1               ATmega16OS.o
Idle_Task_Stk       0x40              ATmega16OS.o
Four                0x1               App.o
TCB                 0x40              Main.o
Seven               0x1               App.o
Three               0x1               App.o
Eight               0x1               App.o
Six                 0x1               App.o
OSRdyTbl            0x1               ATmega16OS.o
Buzzer_Task_Stk     0x40              App.o
Five                0x1               App.o
One                 0x1               App.o

Memory Configuration

Name             Origin             Length             Attributes
text             0x00000000         0x00020000         xr
data             0x00800060         0x0000ffa0         rw !x
eeprom           0x00810000         0x00010000         rw !x
fuse             0x00820000         0x00000400         rw !x
lock             0x00830000         0x00000400         rw !x
signature        0x00840000         0x00000400         rw !x
*default*        0x00000000         0xffffffff

Linker script and memory map

LOAD c:/winavr-20100110/bin/../lib/gcc/avr/4.3.3/../../../../avr/lib/avr5/crtm16.o
LOAD Main.o
LOAD ATmega16OS.o
LOAD 74HC595.o
LOAD Delay.o
LOAD tube.o
LOAD App.o
LOAD PWM.o
LOAD c:/winavr-20100110/bin/../lib/gcc/avr/4.3.3/avr5\libgcc.a
LOAD c:/winavr-20100110/bin/../lib/gcc/avr/4.3.3/../../../../avr/lib/avr5\libc.a
LOAD c:/winavr-20100110/bin/../lib/gcc/avr/4.3.3/avr5\libgcc.a

.hash
 *(.hash)

.dynsym
 *(.dynsym)

.dynstr
 *(.dynstr)

.gnu.version
 *(.gnu.version)

.gnu.version_d
 *(.gnu.version_d)

.gnu.version_r
 *(.gnu.version_r)

.rel.init
 *(.rel.init)

.rela.init
 *(.rela.init)

.rel.text
 *(.rel.text)
 *(.rel.text.*)
 *(.rel.gnu.linkonce.t*)

.rela.text
 *(.rela.text)
 *(.rela.text.*)
 *(.rela.gnu.linkonce.t*)

.rel.fini
 *(.rel.fini)

.rela.fini
 *(.rela.fini)

.rel.rodata
 *(.rel.rodata)
 *(.rel.rodata.*)
 *(.rel.gnu.linkonce.r*)

.rela.rodata
 *(.rela.rodata)
 *(.rela.rodata.*)
 *(.rela.gnu.linkonce.r*)

.rel.data
 *(.rel.data)
 *(.rel.data.*)
 *(.rel.gnu.linkonce.d*)

.rela.data
 *(.rela.data)
 *(.rela.data.*)
 *(.rela.gnu.linkonce.d*)

.rel.ctors
 *(.rel.ctors)

.rela.ctors
 *(.rela.ctors)

.rel.dtors
 *(.rel.dtors)

.rela.dtors
 *(.rela.dtors)

.rel.got
 *(.rel.got)

.rela.got
 *(.rela.got)

.rel.bss
 *(.rel.bss)

.rela.bss
 *(.rela.bss)

.rel.plt
 *(.rel.plt)

.rela.plt
 *(.rela.plt)

.text           0x00000000      0xb32
 *(.vectors)
 .vectors       0x00000000       0x54 c:/winavr-20100110/bin/../lib/gcc/avr/4.3.3/../../../../avr/lib/avr5/crtm16.o
                0x00000000                __vectors
                0x00000000                __vector_default
 *(.vectors)
 *(.progmem.gcc*)
 *(.progmem*)
                0x00000054                . = ALIGN (0x2)
                0x00000054                __trampolines_start = .
 *(.trampolines)
 .trampolines   0x00000054        0x0 linker stubs
 *(.trampolines*)
                0x00000054                __trampolines_end = .
 *(.jumptables)
 *(.jumptables*)
 *(.lowtext)
 *(.lowtext*)
                0x00000054                __ctors_start = .
 *(.ctors)
                0x00000054                __ctors_end = .
                0x00000054                __dtors_start = .
 *(.dtors)
                0x00000054                __dtors_end = .
 SORT(*)(.ctors)
 SORT(*)(.dtors)
 *(.init0)
 .init0         0x00000054        0x0 c:/winavr-20100110/bin/../lib/gcc/avr/4.3.3/../../../../avr/lib/avr5/crtm16.o
                0x00000054                __init
 *(.init0)
 *(.init1)
 *(.init1)
 *(.init2)
 .init2         0x00000054        0xc c:/winavr-20100110/bin/../lib/gcc/avr/4.3.3/../../../../avr/lib/avr5/crtm16.o
 *(.init2)
 *(.init3)
 *(.init3)
 *(.init4)
 .init4         0x00000060       0x16 c:/winavr-20100110/bin/../lib/gcc/avr/4.3.3/avr5\libgcc.a(_copy_data.o)
                0x00000060                __do_copy_data
 .init4         0x00000076       0x10 c:/winavr-20100110/bin/../lib/gcc/avr/4.3.3/avr5\libgcc.a(_clear_bss.o)
                0x00000076                __do_clear_bss
 *(.init4)
 *(.init5)
 *(.init5)
 *(.init6)
 *(.init6)
 *(.init7)
 *(.init7)
 *(.init8)
 *(.init8)
 *(.init9)
 .init9         0x00000086        0x8 c:/winavr-20100110/bin/../lib/gcc/avr/4.3.3/../../../../avr/lib/avr5/crtm16.o
 *(.init9)
 *(.text)
 .text          0x0000008e        0x4 c:/winavr-20100110/bin/../lib/gcc/avr/4.3.3/../../../../avr/lib/avr5/crtm16.o
                0x0000008e                __vector_1
                0x0000008e                __vector_12
                0x0000008e                __bad_interrupt
                0x0000008e                __vector_6
                0x0000008e                __vector_3
                0x0000008e                __vector_11
                0x0000008e                __vector_13
                0x0000008e                __vector_17
                0x0000008e                __vector_19
                0x0000008e                __vector_7
                0x0000008e                __vector_5
                0x0000008e                __vector_9
                0x0000008e                __vector_2
                0x0000008e                __vector_15
                0x0000008e                __vector_8
                0x0000008e                __vector_14
                0x0000008e                __vector_10
                0x0000008e                __vector_16
                0x0000008e                __vector_18
                0x0000008e                __vector_20
 .text          0x00000092       0x3c Main.o
                0x00000092                main
 .text          0x000000ce      0x3ae ATmega16OS.o
                0x0000025e                ATmega16OS_Init
                0x000003c0                ATmega16OS_Task_Sem_Suspend
                0x00000388                ATmega16OS_Task_Sem_Post
                0x00000248                ATmega16OS_SysTick_Init
                0x000003e4                ATmega16OS_Tick_Hook
                0x00000272                OSSched
                0x00000136                ATmega16OS_TaskCreate
                0x000000e8                ATmega16OS_DelPrioRdy
                0x00000104                ATmega16OS_GetHighRdy
                0x0000042c                __vector_4
                0x0000034e                ATmega16OS_Time_Delay
                0x0000021e                ATmega16OS_Start
                0x000000ce                ATmega16OS_SetPrioRdy
                0x00000246                ATmega16OS_Idle_Task
                0x00000344                ATmega16OS_Task_Switch
 .text          0x0000047c      0x188 74HC595.o
                0x00000486                send_data_to_74HC595
                0x000004ba                display_74HC595
                0x000004fe                tube_decimal_num
                0x0000047c                init_74HC595
                0x000005b6                tube_0_to_9
                0x000004fc                tube_liushui
 .text          0x00000604       0x16 Delay.o
                0x00000604                delay_us
                0x00000618                delay_ms
 .text          0x0000061a       0xb6 tube.o
                0x00000628                tube_circle
                0x000006ae                tube_on
                0x0000061a                init_tube
 .text          0x000006d0      0x36c App.o
                0x00000710                Tube_Task
                0x000006d0                Bsp_Init
                0x000006de                Buzzer_Task
                0x0000082a                LED_Task
 .text          0x00000a3c       0x2a PWM.o
                0x00000a3c                fast_PWM
 .text          0x00000a66        0x0 c:/winavr-20100110/bin/../lib/gcc/avr/4.3.3/avr5\libgcc.a(_udivmodhi4.o)
 .text          0x00000a66        0x0 c:/winavr-20100110/bin/../lib/gcc/avr/4.3.3/avr5\libgcc.a(_divmodhi4.o)
 .text          0x00000a66        0x0 c:/winavr-20100110/bin/../lib/gcc/avr/4.3.3/avr5\libgcc.a(_divmodsi4.o)
 .text          0x00000a66        0x0 c:/winavr-20100110/bin/../lib/gcc/avr/4.3.3/avr5\libgcc.a(_exit.o)
 .text          0x00000a66        0x0 c:/winavr-20100110/bin/../lib/gcc/avr/4.3.3/avr5\libgcc.a(_copy_data.o)
 .text          0x00000a66        0x0 c:/winavr-20100110/bin/../lib/gcc/avr/4.3.3/avr5\libgcc.a(_clear_bss.o)
 .text          0x00000a66        0x0 c:/winavr-20100110/bin/../lib/gcc/avr/4.3.3/avr5\libgcc.a(_udivmodsi4.o)
                0x00000a66                . = ALIGN (0x2)
 *(.text.*)
 .text.libgcc   0x00000a66       0x28 c:/winavr-20100110/bin/../lib/gcc/avr/4.3.3/avr5\libgcc.a(_udivmodhi4.o)
                0x00000a66                __udivmodhi4
 .text.libgcc   0x00000a8e       0x26 c:/winavr-20100110/bin/../lib/gcc/avr/4.3.3/avr5\libgcc.a(_divmodhi4.o)
                0x00000a8e                __divmodhi4
                0x00000a8e                _div
 .text.libgcc   0x00000ab4       0x36 c:/winavr-20100110/bin/../lib/gcc/avr/4.3.3/avr5\libgcc.a(_divmodsi4.o)
                0x00000ab4                __divmodsi4
 .text.libgcc   0x00000aea        0x0 c:/winavr-20100110/bin/../lib/gcc/avr/4.3.3/avr5\libgcc.a(_exit.o)
 .text.libgcc   0x00000aea        0x0 c:/winavr-20100110/bin/../lib/gcc/avr/4.3.3/avr5\libgcc.a(_copy_data.o)
 .text.libgcc   0x00000aea        0x0 c:/winavr-20100110/bin/../lib/gcc/avr/4.3.3/avr5\libgcc.a(_clear_bss.o)
 .text.libgcc   0x00000aea       0x44 c:/winavr-20100110/bin/../lib/gcc/avr/4.3.3/avr5\libgcc.a(_udivmodsi4.o)
                0x00000aea                __udivmodsi4
                0x00000b2e                . = ALIGN (0x2)
 *(.fini9)
 .fini9         0x00000b2e        0x0 c:/winavr-20100110/bin/../lib/gcc/avr/4.3.3/avr5\libgcc.a(_exit.o)
                0x00000b2e                exit
                0x00000b2e                _exit
 *(.fini9)
 *(.fini8)
 *(.fini8)
 *(.fini7)
 *(.fini7)
 *(.fini6)
 *(.fini6)
 *(.fini5)
 *(.fini5)
 *(.fini4)
 *(.fini4)
 *(.fini3)
 *(.fini3)
 *(.fini2)
 *(.fini2)
 *(.fini1)
 *(.fini1)
 *(.fini0)
 .fini0         0x00000b2e        0x4 c:/winavr-20100110/bin/../lib/gcc/avr/4.3.3/avr5\libgcc.a(_exit.o)
 *(.fini0)
                0x00000b32                _etext = .

.data           0x00800060       0x14 load address 0x00000b32
                0x00800060                PROVIDE (__data_start, .)
 *(.data)
 .data          0x00800060        0x0 c:/winavr-20100110/bin/../lib/gcc/avr/4.3.3/../../../../avr/lib/avr5/crtm16.o
 .data          0x00800060        0x0 Main.o
 .data          0x00800060        0x0 ATmega16OS.o
 .data          0x00800060        0x0 74HC595.o
 .data          0x00800060        0x0 Delay.o
 .data          0x00800060       0x14 tube.o
                0x00800060                tube
 .data          0x00800074        0x0 App.o
 .data          0x00800074        0x0 PWM.o
 .data          0x00800074        0x0 c:/winavr-20100110/bin/../lib/gcc/avr/4.3.3/avr5\libgcc.a(_udivmodhi4.o)
 .data          0x00800074        0x0 c:/winavr-20100110/bin/../lib/gcc/avr/4.3.3/avr5\libgcc.a(_divmodhi4.o)
 .data          0x00800074        0x0 c:/winavr-20100110/bin/../lib/gcc/avr/4.3.3/avr5\libgcc.a(_divmodsi4.o)
 .data          0x00800074        0x0 c:/winavr-20100110/bin/../lib/gcc/avr/4.3.3/avr5\libgcc.a(_exit.o)
 .data          0x00800074        0x0 c:/winavr-20100110/bin/../lib/gcc/avr/4.3.3/avr5\libgcc.a(_copy_data.o)
 .data          0x00800074        0x0 c:/winavr-20100110/bin/../lib/gcc/avr/4.3.3/avr5\libgcc.a(_clear_bss.o)
 .data          0x00800074        0x0 c:/winavr-20100110/bin/../lib/gcc/avr/4.3.3/avr5\libgcc.a(_udivmodsi4.o)
 *(.data*)
 *(.rodata)
 *(.rodata*)
 *(.gnu.linkonce.d*)
                0x00800074                . = ALIGN (0x2)
                0x00800074                _edata = .
                0x00800074                PROVIDE (__data_end, .)

.bss            0x00800074      0x153
                0x00800074                PROVIDE (__bss_start, .)
 *(.bss)
 .bss           0x00800074        0x0 c:/winavr-20100110/bin/../lib/gcc/avr/4.3.3/../../../../avr/lib/avr5/crtm16.o
 .bss           0x00800074        0x0 Main.o
 .bss           0x00800074        0x4 ATmega16OS.o
                0x00800074                Idle_Count
 .bss           0x00800078        0x0 74HC595.o
 .bss           0x00800078        0x0 Delay.o
 .bss           0x00800078        0x0 tube.o
 .bss           0x00800078        0x4 App.o
                0x0080007a                Left_Value
                0x00800078                Right_Value
 .bss           0x0080007c        0x0 PWM.o
 .bss           0x0080007c        0x0 c:/winavr-20100110/bin/../lib/gcc/avr/4.3.3/avr5\libgcc.a(_udivmodhi4.o)
 .bss           0x0080007c        0x0 c:/winavr-20100110/bin/../lib/gcc/avr/4.3.3/avr5\libgcc.a(_divmodhi4.o)
 .bss           0x0080007c        0x0 c:/winavr-20100110/bin/../lib/gcc/avr/4.3.3/avr5\libgcc.a(_divmodsi4.o)
 .bss           0x0080007c        0x0 c:/winavr-20100110/bin/../lib/gcc/avr/4.3.3/avr5\libgcc.a(_exit.o)
 .bss           0x0080007c        0x0 c:/winavr-20100110/bin/../lib/gcc/avr/4.3.3/avr5\libgcc.a(_copy_data.o)
 .bss           0x0080007c        0x0 c:/winavr-20100110/bin/../lib/gcc/avr/4.3.3/avr5\libgcc.a(_clear_bss.o)
 .bss           0x0080007c        0x0 c:/winavr-20100110/bin/../lib/gcc/avr/4.3.3/avr5\libgcc.a(_udivmodsi4.o)
 *(.bss*)
 *(COMMON)
 COMMON         0x0080007c       0x40 Main.o
                0x0080007c                TCB
 COMMON         0x008000bc       0x43 ATmega16OS.o
                0x008000bc                OSPrioHighRdy
                0x008000bd                OSPrioCur
                0x008000be                Idle_Task_Stk
                0x008000fe                OSRdyTbl
 COMMON         0x008000ff       0xc8 App.o
                0x008000ff                Tube_Task_Stk
                0x0080013f                Two
                0x00800140                LED_Task_Stk
                0x00800180                Four
                0x00800181                Seven
                0x00800182                Three
                0x00800183                Eight
                0x00800184                Six
                0x00800185                Buzzer_Task_Stk
                0x008001c5                Five
                0x008001c6                One
                0x008001c7                PROVIDE (__bss_end, .)
                0x00000b32                __data_load_start = LOADADDR (.data)
                0x00000b46                __data_load_end = (__data_load_start + SIZEOF (.data))

.noinit         0x008001c7        0x0
                0x008001c7                PROVIDE (__noinit_start, .)
 *(.noinit*)
                0x008001c7                PROVIDE (__noinit_end, .)
                0x008001c7                _end = .
                0x008001c7                PROVIDE (__heap_start, .)

.eeprom         0x00810000        0x0
 *(.eeprom*)
                0x00810000                __eeprom_end = .

.fuse
 *(.fuse)
 *(.lfuse)
 *(.hfuse)
 *(.efuse)

.lock
 *(.lock*)

.signature
 *(.signature*)

.stab
 *(.stab)

.stabstr
 *(.stabstr)

.stab.excl
 *(.stab.excl)

.stab.exclstr
 *(.stab.exclstr)

.stab.index
 *(.stab.index)

.stab.indexstr
 *(.stab.indexstr)

.comment
 *(.comment)

.debug
 *(.debug)

.line
 *(.line)

.debug_srcinfo
 *(.debug_srcinfo)

.debug_sfnames
 *(.debug_sfnames)

.debug_aranges  0x00000000       0xe0
 *(.debug_aranges)
 .debug_aranges
                0x00000000       0x20 Main.o
 .debug_aranges
                0x00000020       0x20 ATmega16OS.o
 .debug_aranges
                0x00000040       0x20 74HC595.o
 .debug_aranges
                0x00000060       0x20 Delay.o
 .debug_aranges
                0x00000080       0x20 tube.o
 .debug_aranges
                0x000000a0       0x20 App.o
 .debug_aranges
                0x000000c0       0x20 PWM.o

.debug_pubnames
                0x00000000      0x41d
 *(.debug_pubnames)
 .debug_pubnames
                0x00000000       0x23 Main.o
 .debug_pubnames
                0x00000023      0x1d4 ATmega16OS.o
 .debug_pubnames
                0x000001f7       0x8e 74HC595.o
 .debug_pubnames
                0x00000285       0x34 Delay.o
 .debug_pubnames
                0x000002b9       0x4d tube.o
 .debug_pubnames
                0x00000306       0xf0 App.o
 .debug_pubnames
                0x000003f6       0x27 PWM.o

.debug_info     0x00000000      0xe8d
 *(.debug_info)
 .debug_info    0x00000000      0x152 Main.o
 .debug_info    0x00000152      0x404 ATmega16OS.o
 .debug_info    0x00000556      0x281 74HC595.o
 .debug_info    0x000007d7      0x177 Delay.o
 .debug_info    0x0000094e      0x1c7 tube.o
 .debug_info    0x00000b15      0x24d App.o
 .debug_info    0x00000d62      0x12b PWM.o
 *(.gnu.linkonce.wi.*)

.debug_abbrev   0x00000000      0x709
 *(.debug_abbrev)
 .debug_abbrev  0x00000000       0xbe Main.o
 .debug_abbrev  0x000000be      0x191 ATmega16OS.o
 .debug_abbrev  0x0000024f      0x15f 74HC595.o
 .debug_abbrev  0x000003ae       0xd8 Delay.o
 .debug_abbrev  0x00000486      0x10b tube.o
 .debug_abbrev  0x00000591       0xbc App.o
 .debug_abbrev  0x0000064d       0xbc PWM.o

.debug_line     0x00000000     0x11e4
 *(.debug_line)
 .debug_line    0x00000000      0x101 Main.o
 .debug_line    0x00000101      0x6bf ATmega16OS.o
 .debug_line    0x000007c0      0x287 74HC595.o
 .debug_line    0x00000a47      0x12f Delay.o
 .debug_line    0x00000b76      0x1bb tube.o
 .debug_line    0x00000d31      0x388 App.o
 .debug_line    0x000010b9      0x12b PWM.o

.debug_frame    0x00000000      0x270
 *(.debug_frame)
 .debug_frame   0x00000000       0x20 Main.o
 .debug_frame   0x00000020      0x100 ATmega16OS.o
 .debug_frame   0x00000120       0x70 74HC595.o
 .debug_frame   0x00000190       0x30 Delay.o
 .debug_frame   0x000001c0       0x40 tube.o
 .debug_frame   0x00000200       0x50 App.o
 .debug_frame   0x00000250       0x20 PWM.o

.debug_str      0x00000000      0x458
 *(.debug_str)
 .debug_str     0x00000000       0xfd Main.o
                                0x136 (size before relaxing)
 .debug_str     0x000000fd      0x1d0 ATmega16OS.o
                                0x2d1 (size before relaxing)
 .debug_str     0x000002cd       0x9f 74HC595.o
                                0x19b (size before relaxing)
 .debug_str     0x0000036c       0x2a Delay.o
                                0x121 (size before relaxing)
 .debug_str     0x00000396       0x34 tube.o
                                0x130 (size before relaxing)
 .debug_str     0x000003ca       0x69 App.o
                                0x18b (size before relaxing)
 .debug_str     0x00000433       0x25 PWM.o
                                0x11c (size before relaxing)

.debug_loc      0x00000000      0x30f
 *(.debug_loc)
 .debug_loc     0x00000000       0xd7 ATmega16OS.o
 .debug_loc     0x000000d7      0x1b0 74HC595.o
 .debug_loc     0x00000287       0x70 tube.o
 .debug_loc     0x000002f7       0x18 PWM.o

.debug_macinfo
 *(.debug_macinfo)
OUTPUT(ATmega16OS.elf elf32-avr)
LOAD linker stubs

.debug_ranges   0x00000000       0x18
 .debug_ranges  0x00000000       0x18 ATmega16OS.o
